   ▲ Next.js 15.5.12
   - Environments: .env.local

   Creating an optimized production build ...
 ✓ Compiled successfully in 32.8s
   Linting and checking validity of types ...
   Collecting page data ...

> Build error occurred
[Error: ENOENT: no such file or directory, open 'D:\OneDrive\Documents\PureDraftHR\.next\server\pages-manifest.json'] {
  errno: -4058,
  code: 'ENOENT',
  syscall: 'open',
  path: 'D:\\OneDrive\\Documents\\PureDraftHR\\.next\\server\\pages-manifest.json'
}
