   ▲ Next.js 15.5.12
   - Environments: .env.local


> Build error occurred
[Error: EINVAL: invalid argument, readlink 'D:\OneDrive\Documents\PureDraftHR\.next\static\css'] {
  errno: -4071,
  code: 'EINVAL',
  syscall: 'readlink',
  path: 'D:\\OneDrive\\Documents\\PureDraftHR\\.next\\static\\css'
}
